******************************************************************************
                  TI ARM Linker PC v20.2.1                     
******************************************************************************
>> Linked Sat Oct 31 16:25:50 2020

OUTPUT FILE NAME:   <Soil Moisture.out>
ENTRY POINT SYMBOL: "_c_int00_noargs"  address: 00002409


MEMORY CONFIGURATION

         name            origin    length      used     unused   attr    fill
----------------------  --------  ---------  --------  --------  ----  --------
  MAIN                  00000000   00040000  000026c9  0003d937  R  X
  INFO                  00200000   00004000  00000000  00004000  R  X
  SRAM_CODE             01000000   00010000  00000210  0000fdf0  RW X
  SRAM_DATA             20000000   00010000  00000210  0000fdf0  RW  


SEGMENT ALLOCATION MAP

run origin  load origin   length   init length attrs members
----------  ----------- ---------- ----------- ----- -------
00000000    00000000    000026d0   000026d0    r-x
  00000000    00000000    000000e4   000000e4    r-- .intvecs
  000000e4    000000e4    000024b4   000024b4    r-x .text
  00002598    00002598    00000101   00000101    r-- .const
  000026a0    000026a0    00000030   00000030    r-- .cinit
20000000    20000000    00000010   00000000    rw-
  20000000    20000000    00000008   00000000    rw- .bss
  20000008    20000008    00000008   00000000    rw- .data
2000fe00    2000fe00    00000200   00000000    rw-
  2000fe00    2000fe00    00000200   00000000    rw- .stack


SECTION ALLOCATION MAP

 output                                  attributes/
section   page    origin      length       input sections
--------  ----  ----------  ----------   ----------------
.intvecs   0    00000000    000000e4     
                  00000000    000000e4     startup_msp432p401r_ccs.obj (.intvecs:retain)

.text      0    000000e4    000024b4     
                  000000e4    00000a4e     rtsv7M4_T_le_v4SPD16_eabi.lib : _printfi.c.obj (.text:__TI_printfi)
                  00000b32    00000002                                   : div0.asm.obj (.text)
                  00000b34    00000334     system_msp432p401r.obj (.text)
                  00000e68    00000270     rtsv7M4_T_le_v4SPD16_eabi.lib : _printfi.c.obj (.text:_pconv_a)
                  000010d8    00000264     main.obj (.text)
                  0000133c    000001d0     rtsv7M4_T_le_v4SPD16_eabi.lib : _printfi.c.obj (.text:_pconv_g)
                  0000150c    000001b6                                   : fd_add_t2.asm.obj (.text)
                  000016c2    00000002     --HOLE-- [fill = 0]
                  000016c4    0000013c                                   : _printfi.c.obj (.text:_pconv_e)
                  00001800    00000136                                   : fd_div_t2.asm.obj (.text)
                  00001936    00000002     --HOLE-- [fill = 0]
                  00001938    00000124                                   : _printfi.c.obj (.text:fcvt)
                  00001a5c    00000110                                   : s_scalbn.c.obj (.text:scalbn)
                  00001b6c    000000fc                                   : fd_mul_t2.asm.obj (.text)
                  00001c68    000000b1                                   : _printfi.c.obj (.text:_ltostr)
                  00001d19    00000001     --HOLE-- [fill = 0]
                  00001d1a    0000009c                                   : memcpy_t2.asm.obj (.text)
                  00001db6    00000096                                   : ull_div_t2.asm.obj (.text)
                  00001e4c    00000086                                   : fd_cmp_t2.asm.obj (.text:__aeabi_cdcmple)
                  00001ed2    00000086                                   : fd_cmp_t2.asm.obj (.text:__aeabi_cdrcmple)
                  00001f58    0000007a                                   : memset_t2.asm.obj (.text)
                  00001fd2    0000006e                                   : _printfi.c.obj (.text:_mcpy)
                  00002040    0000006e                                   : fd_tos_t2.asm.obj (.text)
                  000020ae    00000068                                   : copy_decompress_lzss.c.obj (.text:decompress:lzss:__TI_decompress_lzss)
                  00002116    00000002     --HOLE-- [fill = 0]
                  00002118    00000064                                   : s_frexp.c.obj (.text:frexp)
                  0000217c    00000056                                   : _printfi.c.obj (.text:_pconv_f)
                  000021d2    00000054                                   : _ltoa.c.obj (.text:__TI_ltoa)
                  00002226    00000052                                   : _printfi.c.obj (.text:_ecpy)
                  00002278    0000004c                                   : atoi.c.obj (.text:atoi)
                  000022c4    00000048                                   : fd_toi_t2.asm.obj (.text)
                  0000230c    00000044                                   : autoinit.c.obj (.text:__TI_auto_init_nobinit_nopinit:__TI_auto_init_nobinit_nopinit)
                  00002350    00000040                                   : sprintf.c.obj (.text:sprintf)
                  00002390    0000003e                                   : _printfi.c.obj (.text:_fcpy)
                  000023ce    00000038                                   : fs_tod_t2.asm.obj (.text)
                  00002406    00000002     --HOLE-- [fill = 0]
                  00002408    00000034                                   : boot_cortex_m.c.obj (.text:_c_int00_noargs:_c_int00_noargs)
                  0000243c    0000002e                                   : i_tofd_t2.asm.obj (.text)
                  0000246a    00000020                                   : u_tofd_t2.asm.obj (.text)
                  0000248a    0000001e                                   : strcat.c.obj (.text:strcat)
                  000024a8    0000001c                                   : copy_zero_init.c.obj (.text:decompress:ZI:__TI_zero_init_nomemset:__TI_zero_init_nomemset)
                  000024c4    0000001c                                   : memccpy.c.obj (.text:memccpy)
                  000024e0    0000001a                                   : s_copysign.c.obj (.text:copysign)
                  000024fa    00000018                                   : sprintf.c.obj (.text:_outs)
                  00002512    00000016                                   : strchr.c.obj (.text:strchr)
                  00002528    00000014                                   : strcpy.c.obj (.text:strcpy)
                  0000253c    00000014                                   : strlen.c.obj (.text:strlen)
                  00002550    00000012                                   : wcslen.c.obj (.text:wcslen)
                  00002562    0000000e                                   : copy_decompress_none.c.obj (.text:decompress:none:__TI_decompress_none)
                  00002570    0000000e     startup_msp432p401r_ccs.obj (.text)
                  0000257e    0000000a     rtsv7M4_T_le_v4SPD16_eabi.lib : sprintf.c.obj (.text:_outc)
                  00002588    00000008                                   : errno.c.obj (.text:__aeabi_errno_addr)
                  00002590    00000004                                   : pre_init.c.obj (.text:_system_pre_init)
                  00002594    00000004                                   : exit.c.obj (.text:abort:abort)

.const     0    00002598    00000101     
                  00002598    00000101     rtsv7M4_T_le_v4SPD16_eabi.lib : ctype.c.obj (.const:.string:_ctypes_)

.cinit     0    000026a0    00000030     
                  000026a0    0000000c     (__TI_handler_table)
                  000026ac    0000000b     (.cinit..data.load) [load image, compression = lzss]
                  000026b7    00000001     --HOLE-- [fill = 0]
                  000026b8    00000008     (.cinit..bss.load) [load image, compression = zero_init]
                  000026c0    00000010     (__TI_cinit_table)

.init_array 
*          0    00000000    00000000     UNINITIALIZED

.binit     0    00000000    00000000     

.bss       0    20000000    00000008     UNINITIALIZED
                  20000000    00000004     (.common:adcValue)
                  20000004    00000004     (.common:calValue)

.data      0    20000008    00000008     UNINITIALIZED
                  20000008    00000004     rtsv7M4_T_le_v4SPD16_eabi.lib : errno.c.obj (.data)
                  2000000c    00000004     system_msp432p401r.obj (.data)

.stack     0    2000fe00    00000200     UNINITIALIZED
                  2000fe00    00000004     rtsv7M4_T_le_v4SPD16_eabi.lib : boot_cortex_m.c.obj (.stack)
                  2000fe04    000001fc     --HOLE--

__llvm_prf_cnts 
*          0    20000000    00000000     UNINITIALIZED

MODULE SUMMARY

       Module                        code   ro data   rw data
       ------                        ----   -------   -------
    .\
       system_msp432p401r.obj        820    0         8      
       main.obj                      612    0         16     
       startup_msp432p401r_ccs.obj   14     228       0      
    +--+-----------------------------+------+---------+---------+
       Total:                        1446   228       24     
                                                             
    C:\ti\ccs1010\ccs\tools\compiler\ti-cgt-arm_20.2.1.LTS\lib\rtsv7M4_T_le_v4SPD16_eabi.lib
       _printfi.c.obj                4851   0         0      
       fd_add_t2.asm.obj             438    0         0      
       fd_div_t2.asm.obj             310    0         0      
       s_scalbn.c.obj                272    0         0      
       fd_cmp_t2.asm.obj             268    0         0      
       ctype.c.obj                   0      257       0      
       fd_mul_t2.asm.obj             252    0         0      
       memcpy_t2.asm.obj             156    0         0      
       ull_div_t2.asm.obj            150    0         0      
       memset_t2.asm.obj             122    0         0      
       fd_tos_t2.asm.obj             110    0         0      
       copy_decompress_lzss.c.obj    104    0         0      
       s_frexp.c.obj                 100    0         0      
       sprintf.c.obj                 98     0         0      
       _ltoa.c.obj                   84     0         0      
       atoi.c.obj                    76     0         0      
       fd_toi_t2.asm.obj             72     0         0      
       autoinit.c.obj                68     0         0      
       fs_tod_t2.asm.obj             56     0         0      
       boot_cortex_m.c.obj           52     0         0      
       i_tofd_t2.asm.obj             46     0         0      
       u_tofd_t2.asm.obj             32     0         0      
       strcat.c.obj                  30     0         0      
       copy_zero_init.c.obj          28     0         0      
       memccpy.c.obj                 28     0         0      
       s_copysign.c.obj              26     0         0      
       strchr.c.obj                  22     0         0      
       strcpy.c.obj                  20     0         0      
       strlen.c.obj                  20     0         0      
       wcslen.c.obj                  18     0         0      
       errno.c.obj                   8      0         8      
       copy_decompress_none.c.obj    14     0         0      
       exit.c.obj                    4      0         0      
       pre_init.c.obj                4      0         0      
       div0.asm.obj                  2      0         0      
    +--+-----------------------------+------+---------+---------+
       Total:                        7941   257       8      
                                                             
       Stack:                        0      0         1024   
       Linker Generated:             0      47        0      
    +--+-----------------------------+------+---------+---------+
       Grand Total:                  9387   532       1056   


LINKER GENERATED COPY TABLES

__TI_cinit_table @ 000026c0 records: 2, size/record: 8, table size: 16
	.data: load addr=000026ac, load size=0000000b bytes, run addr=20000008, run size=00000008 bytes, compression=lzss
	.bss: load addr=000026b8, load size=00000008 bytes, run addr=20000000, run size=00000008 bytes, compression=zero_init


LINKER GENERATED HANDLER TABLE

__TI_handler_table @ 000026a0 records: 3, size/record: 4, table size: 12
	index: 0, handler: __TI_decompress_lzss
	index: 1, handler: __TI_decompress_none
	index: 2, handler: __TI_zero_init


GLOBAL SYMBOLS: SORTED ALPHABETICALLY BY Name 

address   name                          
-------   ----                          
0000121b  ADC14_IRQHandler              
0000121b  ADC14_IRQHandler              
0000257d  AES256_IRQHandler             
0000257d  BusFault_Handler              
00002595  C$$EXIT                       
0000257d  COMP_E0_IRQHandler            
0000257d  COMP_E1_IRQHandler            
0000257d  CS_IRQHandler                 
0000257d  DMA_ERR_IRQHandler            
0000257d  DMA_INT0_IRQHandler           
0000257d  DMA_INT1_IRQHandler           
0000257d  DMA_INT2_IRQHandler           
0000257d  DMA_INT3_IRQHandler           
0000257d  DebugMon_Handler              
0000257d  Default_Handler               
0000257d  EUSCIA0_IRQHandler            
0000257d  EUSCIA1_IRQHandler            
0000257d  EUSCIA2_IRQHandler            
0000257d  EUSCIA3_IRQHandler            
0000257d  EUSCIB0_IRQHandler            
0000257d  EUSCIB1_IRQHandler            
0000257d  EUSCIB2_IRQHandler            
0000257d  EUSCIB3_IRQHandler            
0000257d  FLCTL_IRQHandler              
0000257d  FPU_IRQHandler                
0000257d  HardFault_Handler             
0000257d  MemManage_Handler             
0000257d  NMI_Handler                   
0000257d  PCM_IRQHandler                
0000257d  PORT1_IRQHandler              
0000257d  PORT2_IRQHandler              
0000257d  PORT3_IRQHandler              
0000257d  PORT4_IRQHandler              
0000257d  PORT5_IRQHandler              
0000257d  PORT6_IRQHandler              
0000257d  PSS_IRQHandler                
0000257d  PendSV_Handler                
0000257d  RTC_C_IRQHandler              
00002571  Reset_Handler                 
0000257d  SVC_Handler                   
0000257d  SysTick_Handler               
2000000c  SystemCoreClock               
00000b35  SystemCoreClockUpdate         
00000dad  SystemInit                    
0000257d  T32_INT1_IRQHandler           
0000257d  T32_INT2_IRQHandler           
0000257d  T32_INTC_IRQHandler           
0000257d  TA0_0_IRQHandler              
0000257d  TA0_N_IRQHandler              
0000257d  TA1_0_IRQHandler              
0000257d  TA1_N_IRQHandler              
0000257d  TA2_0_IRQHandler              
0000257d  TA2_N_IRQHandler              
0000257d  TA3_0_IRQHandler              
0000257d  TA3_N_IRQHandler              
000011cf  UARTSend                      
0000257d  UsageFault_Handler            
4000480c  WDTCTL_SYM                    
0000257d  WDT_A_IRQHandler              
20010000  __STACK_END                   
00000200  __STACK_SIZE                  
000026c0  __TI_CINIT_Base               
000026d0  __TI_CINIT_Limit              
000026a0  __TI_Handler_Table_Base       
000026ac  __TI_Handler_Table_Limit      
0000230d  __TI_auto_init_nobinit_nopinit
000020af  __TI_decompress_lzss          
00002563  __TI_decompress_none          
000021d3  __TI_ltoa                     
ffffffff  __TI_pprof_out_hndl           
000000e5  __TI_printfi                  
ffffffff  __TI_prof_data_size           
ffffffff  __TI_prof_data_start          
00000000  __TI_static_base__            
000024a9  __TI_zero_init_nomemset       
00001e4d  __aeabi_cdcmpeq               
00001e4d  __aeabi_cdcmple               
00001ed3  __aeabi_cdrcmple              
00002041  __aeabi_d2f                   
000022c5  __aeabi_d2iz                  
00001517  __aeabi_dadd                  
00001801  __aeabi_ddiv                  
00001b6d  __aeabi_dmul                  
0000150d  __aeabi_dsub                  
00002589  __aeabi_errno_addr            
000023cf  __aeabi_f2d                   
0000243d  __aeabi_i2d                   
00000b33  __aeabi_idiv0                 
00000b33  __aeabi_ldiv0                 
00001f59  __aeabi_memclr                
00001f59  __aeabi_memclr4               
00001f59  __aeabi_memclr8               
00001d1b  __aeabi_memcpy                
00001d1b  __aeabi_memcpy4               
00001d1b  __aeabi_memcpy8               
00001f5b  __aeabi_memset                
00001f5b  __aeabi_memset4               
00001f5b  __aeabi_memset8               
0000246b  __aeabi_ui2d                  
00001db7  __aeabi_uldivmod              
ffffffff  __binit__                     
ffffffff  __c_args__                    
UNDEFED   __mpu_init                    
2000fe00  __stack                       
20000000  __start___llvm_prf_cnts       
20000000  __stop___llvm_prf_cnts        
00002409  _c_int00_noargs               
00002598  _ctypes_                      
UNDEFED   _system_post_cinit            
00002591  _system_pre_init              
00002595  abort                         
20000000  adcValue                      
00002279  atoi                          
ffffffff  binit                         
20000004  calValue                      
000024e1  copysign                      
000024e1  copysignl                     
000010d9  delay                         
20000008  errno                         
00002119  frexp                         
00002119  frexpl                        
00000000  interruptVectors              
00001a5d  ldexp                         
00001a5d  ldexpl                        
00001101  main                          
000024c5  memccpy                       
00001d1b  memcpy                        
00001f61  memset                        
00001a5d  scalbn                        
00001a5d  scalbnl                       
00002351  sprintf                       
0000248b  strcat                        
00002513  strchr                        
00002529  strcpy                        
0000253d  strlen                        
00002551  wcslen                        


GLOBAL SYMBOLS: SORTED BY Symbol Address 

address   name                          
-------   ----                          
00000000  __TI_static_base__            
00000000  interruptVectors              
000000e5  __TI_printfi                  
00000200  __STACK_SIZE                  
00000b33  __aeabi_idiv0                 
00000b33  __aeabi_ldiv0                 
00000b35  SystemCoreClockUpdate         
00000dad  SystemInit                    
000010d9  delay                         
00001101  main                          
000011cf  UARTSend                      
0000121b  ADC14_IRQHandler              
0000121b  ADC14_IRQHandler              
0000150d  __aeabi_dsub                  
00001517  __aeabi_dadd                  
00001801  __aeabi_ddiv                  
00001a5d  ldexp                         
00001a5d  ldexpl                        
00001a5d  scalbn                        
00001a5d  scalbnl                       
00001b6d  __aeabi_dmul                  
00001d1b  __aeabi_memcpy                
00001d1b  __aeabi_memcpy4               
00001d1b  __aeabi_memcpy8               
00001d1b  memcpy                        
00001db7  __aeabi_uldivmod              
00001e4d  __aeabi_cdcmpeq               
00001e4d  __aeabi_cdcmple               
00001ed3  __aeabi_cdrcmple              
00001f59  __aeabi_memclr                
00001f59  __aeabi_memclr4               
00001f59  __aeabi_memclr8               
00001f5b  __aeabi_memset                
00001f5b  __aeabi_memset4               
00001f5b  __aeabi_memset8               
00001f61  memset                        
00002041  __aeabi_d2f                   
000020af  __TI_decompress_lzss          
00002119  frexp                         
00002119  frexpl                        
000021d3  __TI_ltoa                     
00002279  atoi                          
000022c5  __aeabi_d2iz                  
0000230d  __TI_auto_init_nobinit_nopinit
00002351  sprintf                       
000023cf  __aeabi_f2d                   
00002409  _c_int00_noargs               
0000243d  __aeabi_i2d                   
0000246b  __aeabi_ui2d                  
0000248b  strcat                        
000024a9  __TI_zero_init_nomemset       
000024c5  memccpy                       
000024e1  copysign                      
000024e1  copysignl                     
00002513  strchr                        
00002529  strcpy                        
0000253d  strlen                        
00002551  wcslen                        
00002563  __TI_decompress_none          
00002571  Reset_Handler                 
0000257d  AES256_IRQHandler             
0000257d  BusFault_Handler              
0000257d  COMP_E0_IRQHandler            
0000257d  COMP_E1_IRQHandler            
0000257d  CS_IRQHandler                 
0000257d  DMA_ERR_IRQHandler            
0000257d  DMA_INT0_IRQHandler           
0000257d  DMA_INT1_IRQHandler           
0000257d  DMA_INT2_IRQHandler           
0000257d  DMA_INT3_IRQHandler           
0000257d  DebugMon_Handler              
0000257d  Default_Handler               
0000257d  EUSCIA0_IRQHandler            
0000257d  EUSCIA1_IRQHandler            
0000257d  EUSCIA2_IRQHandler            
0000257d  EUSCIA3_IRQHandler            
0000257d  EUSCIB0_IRQHandler            
0000257d  EUSCIB1_IRQHandler            
0000257d  EUSCIB2_IRQHandler            
0000257d  EUSCIB3_IRQHandler            
0000257d  FLCTL_IRQHandler              
0000257d  FPU_IRQHandler                
0000257d  HardFault_Handler             
0000257d  MemManage_Handler             
0000257d  NMI_Handler                   
0000257d  PCM_IRQHandler                
0000257d  PORT1_IRQHandler              
0000257d  PORT2_IRQHandler              
0000257d  PORT3_IRQHandler              
0000257d  PORT4_IRQHandler              
0000257d  PORT5_IRQHandler              
0000257d  PORT6_IRQHandler              
0000257d  PSS_IRQHandler                
0000257d  PendSV_Handler                
0000257d  RTC_C_IRQHandler              
0000257d  SVC_Handler                   
0000257d  SysTick_Handler               
0000257d  T32_INT1_IRQHandler           
0000257d  T32_INT2_IRQHandler           
0000257d  T32_INTC_IRQHandler           
0000257d  TA0_0_IRQHandler              
0000257d  TA0_N_IRQHandler              
0000257d  TA1_0_IRQHandler              
0000257d  TA1_N_IRQHandler              
0000257d  TA2_0_IRQHandler              
0000257d  TA2_N_IRQHandler              
0000257d  TA3_0_IRQHandler              
0000257d  TA3_N_IRQHandler              
0000257d  UsageFault_Handler            
0000257d  WDT_A_IRQHandler              
00002589  __aeabi_errno_addr            
00002591  _system_pre_init              
00002595  C$$EXIT                       
00002595  abort                         
00002598  _ctypes_                      
000026a0  __TI_Handler_Table_Base       
000026ac  __TI_Handler_Table_Limit      
000026c0  __TI_CINIT_Base               
000026d0  __TI_CINIT_Limit              
20000000  __start___llvm_prf_cnts       
20000000  __stop___llvm_prf_cnts        
20000000  adcValue                      
20000004  calValue                      
20000008  errno                         
2000000c  SystemCoreClock               
2000fe00  __stack                       
20010000  __STACK_END                   
4000480c  WDTCTL_SYM                    
ffffffff  __TI_pprof_out_hndl           
ffffffff  __TI_prof_data_size           
ffffffff  __TI_prof_data_start          
ffffffff  __binit__                     
ffffffff  __c_args__                    
ffffffff  binit                         
UNDEFED   __mpu_init                    
UNDEFED   _system_post_cinit            

[136 symbols]
